24.3360131573
9.2244434257
5.5164064803
3.5836493627
2.5600577144
2.2790476566
1.8989374252
1.5101904077
1.2243204138
0.9121218662
0.8174930053
0.6932797078
0.5989311725
0.5405984322
0.5000331197
0.4185747248
0.3847550799
0.3508780666
0.3229602795
0.2983641919
0.2892423474
0.2827788080
0.2562729945
0.2552463672
0.2361400085
0.2261234936
0.2125221737
0.2001440869
0.1966856922
0.1846295587
0.1599327253
0.1457638225
0.1416122989
0.1273946525
0.1113801214
0.1026337897
0.0955452387
0.0922644495
0.0851396548
0.0782359113
0.0761303011
0.0711808126
0.0678650726
0.0666174136
0.0662971939
0.0641152598
