0.4186873877 0.4354450616 -0.5506681660 
0.5354905987 0.1936948973 0.5977407308 
0.7334512187 -0.8791301866 0.5826410471 
