0.8845570751 -0.2205771706 -0.4109799188 
0.3491566825 -0.2710946601 0.8969934765 
-0.3092707423 -0.9369383102 -0.1627827065 
